exports[`helpers/createRequestTypes should return a proper object 1`] = `
Object {
  "REQUEST_FAILURE": undefined,
  "REQUEST_REQUEST": undefined,
  "REQUEST_SUCCESS": undefined
}
`;

exports[`helpers/datasetToObject should convert DOMElement data to object 1`] = `
Object {
  "minuteMaid": "no",
  "rule": "yes"
}
`;
