exports[`Constants:ActionTypes should match the snapshot 1`] = `
Object {
  "CONNECT_CATEGORIES_FAILURE": "CONNECT_CATEGORIES_FAILURE",
  "CONNECT_CATEGORIES_REQUEST": "CONNECT_CATEGORIES_REQUEST",
  "CONNECT_CATEGORIES_SUCCESS": "CONNECT_CATEGORIES_SUCCESS",
  "CONNECT_CATEGORIES_UPDATE": "CONNECT_CATEGORIES_UPDATE",
  "CONNECT_FIREBASE_FAILURE": "CONNECT_FIREBASE_FAILURE",
  "CONNECT_FIREBASE_REQUEST": "CONNECT_FIREBASE_REQUEST",
  "CONNECT_FIREBASE_SUCCESS": "CONNECT_FIREBASE_SUCCESS",
  "CONNECT_LOGOS_FAILURE": "CONNECT_LOGOS_FAILURE",
  "CONNECT_LOGOS_REQUEST": "CONNECT_LOGOS_REQUEST",
  "CONNECT_LOGOS_SUCCESS": "CONNECT_LOGOS_SUCCESS",
  "CONNECT_LOGOS_UPDATE": "CONNECT_LOGOS_UPDATE",
  "CONNECT_TAGS_FAILURE": "CONNECT_TAGS_FAILURE",
  "CONNECT_TAGS_REQUEST": "CONNECT_TAGS_REQUEST",
  "CONNECT_TAGS_SUCCESS": "CONNECT_TAGS_SUCCESS",
  "CONNECT_TAGS_UPDATE": "CONNECT_TAGS_UPDATE",
  "FILTER_ITEMS": "FILTER_ITEMS",
  "HIDE_ALERT": "HIDE_ALERT",
  "SHOW_ALERT": "SHOW_ALERT",
  "UPDATE_CATEGORIES_FAILURE": "UPDATE_CATEGORIES_FAILURE",
  "UPDATE_CATEGORIES_REQUEST": "UPDATE_CATEGORIES_REQUEST",
  "UPDATE_CATEGORIES_SUCCESS": "UPDATE_CATEGORIES_SUCCESS",
  "UPDATE_LOGOS_FAILURE": "UPDATE_LOGOS_FAILURE",
  "UPDATE_LOGOS_REQUEST": "UPDATE_LOGOS_REQUEST",
  "UPDATE_LOGOS_SUCCESS": "UPDATE_LOGOS_SUCCESS",
  "UPDATE_TAGS_FAILURE": "UPDATE_TAGS_FAILURE",
  "UPDATE_TAGS_REQUEST": "UPDATE_TAGS_REQUEST",
  "UPDATE_TAGS_SUCCESS": "UPDATE_TAGS_SUCCESS",
  "USER_LOGIN_FAILURE": "USER_LOGIN_FAILURE",
  "USER_LOGIN_REQUEST": "USER_LOGIN_REQUEST",
  "USER_LOGIN_SUCCESS": "USER_LOGIN_SUCCESS",
  "USER_LOGOUT_FAILURE": "USER_LOGOUT_FAILURE",
  "USER_LOGOUT_REQUEST": "USER_LOGOUT_REQUEST",
  "USER_LOGOUT_SUCCESS": "USER_LOGOUT_SUCCESS",
  "USER_PERMISSIONS": "USER_PERMISSIONS",
  "USER_RESTORE_FAILURE": "USER_RESTORE_FAILURE",
  "USER_RESTORE_REQUEST": "USER_RESTORE_REQUEST",
  "USER_RESTORE_SUCCESS": "USER_RESTORE_SUCCESS"
}
`;

exports[`Constants:XHR should match the snapshot 1`] = `
Object {
  "FAIL": "FAIL",
  "SUCCESS": "SUCCESS"
}
`;

exports[`Routes should match the snapshot 1`] = `3`;
