exports[`Footer should render properly 1`] = `"<footer class=\"app__footer\"><div class=\"app__container\"><iframe src=\"https://ghbtns.com/github-btn.html?user=gilbarbara&amp;repo=logos&amp;type=star&amp;count=true\" frameborder=\"0\" scrolling=\"0\" width=\"110px\" height=\"20px\"></iframe><iframe src=\"https://ghbtns.com/github-btn.html?user=gilbarbara&amp;type=follow&amp;count=true\" frameborder=\"0\" scrolling=\"0\" width=\"130px\" height=\"20px\"></iframe></div></footer>"`;
